// Jest Snapshot v1, https://goo.gl/fbAQLP

exports[`ScoreBoard should render should be render with given strings 1`] = `ShallowWrapper {}`;
